[api-report1.aoi-gadget.icu/index.html]
[backblue.gif]
[fade.gif]
[index.html]
[api-report1.aoi-gadget.icu/wp-content/themes/swell/assets/img/texture/white-brushed.png]
[api-report1.aoi-gadget.icu/wp-content/litespeed/css/24acaefee02b40491e9e25297da3892b4dfc.css]
[api-report1.aoi-gadget.icu/wp-content/plugins/litespeed-cache/assets/js/css_async.min.js]
[api-report1.aoi-gadget.icu/wp-json/wp/v2/pages/36.json]
[api-report1.aoi-gadget.icu/wp-content/uploads/2024/12/d1e632f2-4a96-4f75-acba-36e3b2e0ded4-150x150.webp]
[api-report1.aoi-gadget.icu/feed/index.html]
[api-report1.aoi-gadget.icu/wp-content/plugins/litespeed-cache/guest.vary.html]
[api-report1.aoi-gadget.icu/index.html]
[api-report1.aoi-gadget.icu/wp-json/index.html]
[api-report1.aoi-gadget.icu/wp-content/themes/swell/assets/fonts/icomoonfbd9.woff2]
[api-report1.aoi-gadget.icu/portfolio/index.html]
[api-report1.aoi-gadget.icu/wp-content/themes/swell/assets/fonts/icomoonfbd9.ttf]
[api-report1.aoi-gadget.icu/comments/feed/index.html]
[api-report1.aoi-gadget.icu/wp-content/themes/swell/assets/fonts/icomoonfbd9.woff]
[api-report1.aoi-gadget.icu/wp-content/litespeed/css/24acaefee02b40491e9e25297da3892b4dfc.css]
[api-report1.aoi-gadget.icu/wp-content/themes/swell/assets/fonts/icomoonfbd9.svg]
[api-report1.aoi-gadget.icu/wp-content/plugins/litespeed-cache/assets/js/css_async.min.js]
[api-report1.aoi-gadget.icu/wp-content/themes/swell/build/css/noscript.css]
[api-report1.aoi-gadget.icu/sample-page/index.html]
[api-report1.aoi-gadget.icu/wp-content/litespeed/css/d3ef1c7c62692d215e434f454ebc93f491a8.css]
[api-report1.aoi-gadget.icu/wp-content/litespeed/css/22c7a4dc40c2106e5fe017e12c61a1bb90e1.css]
[api-report1.aoi-gadget.icu/wp-content/litespeed/css/e22ff34d046b26df5c1e1c4da6107b4ad889.css]
[api-report1.aoi-gadget.icu/wp-content/litespeed/css/338ad4849e0da7680c658112d3bf7e9a8642.css]
[api-report1.aoi-gadget.icu/wp-content/litespeed/css/35c38f2d494f4be3f712c207279b6cbd2019.css]
[api-report1.aoi-gadget.icu/wp-content/litespeed/css/2350ba761eef10f51a63ac01821b1c11eb03.css]
[api-report1.aoi-gadget.icu/wp-json/wp/v2/pages/6.json]
[api-report1.aoi-gadget.icu/wp-content/litespeed/css/61db43abda7aeaa4c8e4241f9c117974d2de.css]
[api-report1.aoi-gadget.icu/wp-content/uploads/2024/12/a8003e8dc84ae944df37842c02a47ee6-1024x477.png]
[api-report1.aoi-gadget.icu/wp-content/uploads/2024/12/71cd1585264c040a78738faa55a19454-1024x645.png]
[api-report1.aoi-gadget.icu/wp-content/uploads/2024/12/9uCYSBg8QL6BrUNX2G7P9A-1024x854.jpg]
[api-report1.aoi-gadget.icu/wp-content/uploads/2024/12/image-3-1-1024x518.jpg]
[api-report1.aoi-gadget.icu/wp-content/litespeed/css/5fae91244a1e34756809f665efeb10309e1e.css]
[api-report1.aoi-gadget.icu/wp-content/litespeed/js/7f8832b894441e40ae3b90c29eebe9e0e71d.js]
[api-report1.aoi-gadget.icu/wp-content/litespeed/js/f846c8703e57f66a94b79f48e4071392e207.js]
[api-report1.aoi-gadget.icu/wp-content/litespeed/js/0e368303eea1c5f37bb880ddfefaab50a652.js]
[api-report1.aoi-gadget.icu/wp-content/litespeed/js/66ac25c06d9bf10a0b6e3f5344adf4c38196.js]
[api-report1.aoi-gadget.icu/wp-content/litespeed/js/579c685c6697fafd0d1b09bd451081119a1b.js]
[api-report1.aoi-gadget.icu/portfolio/index.html]
[api-report1.aoi-gadget.icu/wp-json/wp/v2/pages/2.json]
[api-report1.aoi-gadget.icu/sample-page/index.html]
[api-report1.aoi-gadget.icu/wp-content/plugins/litespeed-cache/guest.vary.html]
[api-report1.aoi-gadget.icu/wp-content/themes/swell/assets/fonts/icomoonfbd9.svg]
[api-report1.aoi-gadget.icu/wp-content/litespeed/css/d3ef1c7c62692d215e434f454ebc93f491a8.css]
[api-report1.aoi-gadget.icu/wp-content/litespeed/css/22c7a4dc40c2106e5fe017e12c61a1bb90e1.css]
[api-report1.aoi-gadget.icu/wp-content/litespeed/css/e22ff34d046b26df5c1e1c4da6107b4ad889.css]
[api-report1.aoi-gadget.icu/wp-content/litespeed/css/338ad4849e0da7680c658112d3bf7e9a8642.css]
[api-report1.aoi-gadget.icu/wp-content/litespeed/css/35c38f2d494f4be3f712c207279b6cbd2019.css]
[api-report1.aoi-gadget.icu/wp-content/litespeed/css/2350ba761eef10f51a63ac01821b1c11eb03.css]
[api-report1.aoi-gadget.icu/index42dc.html]
[api-report1.aoi-gadget.icu/wp-content/litespeed/css/61db43abda7aeaa4c8e4241f9c117974d2de.css]
[api-report1.aoi-gadget.icu/wp-content/litespeed/css/5fae91244a1e34756809f665efeb10309e1e.css]
[api-report1.aoi-gadget.icu/wp-content/litespeed/js/7f8832b894441e40ae3b90c29eebe9e0e71d.js]
[api-report1.aoi-gadget.icu/wp-content/litespeed/js/f846c8703e57f66a94b79f48e4071392e207.js]
[api-report1.aoi-gadget.icu/wp-content/litespeed/js/0e368303eea1c5f37bb880ddfefaab50a652.js]
[api-report1.aoi-gadget.icu/wp-content/litespeed/js/66ac25c06d9bf10a0b6e3f5344adf4c38196.js]
[api-report1.aoi-gadget.icu/wp-content/litespeed/js/579c685c6697fafd0d1b09bd451081119a1b.js]
[api-report1.aoi-gadget.icu/sample-page/feed/index.html]
[api-report1.aoi-gadget.icu/index905b.html]
[api-report1.aoi-gadget.icu/wp-admin/index.html]
